Delivery validation: clean tree at exact commit ec3b01f84896c9a392f7cc142443460c9d76b8eb.
Comparison base: cisco/main -> 6263344e31ba3b0de6539d652f2cd06fc73a3562
Merge base: 6263344e31ba3b0de6539d652f2cd06fc73a3562
Changed Python files: 327
Mechanical-only exempt: 0
Immutable evidence exempt: 2
Immutable evidence: docs/reference/server-pt/evidence/dhcp-autonomy-02/e1/lead/launch_owned_lab.py
Immutable evidence: docs/reference/server-pt/evidence/dhcp-autonomy-02/e1/lead/run_qualification.py
Ruff-gated Python files: 325
All checks passed!
All checks passed!
All checks passed!
All checks passed!
All checks passed!
All checks passed!
All checks passed!
45 files already formatted
46 files already formatted
45 files already formatted
54 files already formatted
56 files already formatted
57 files already formatted
22 files already formatted
